// Jest Snapshot v1, https://goo.gl/fbAQLP

exports[`Form render correctly 1`] = `
<form
  className="Form__FormWrapper-sc-1vmu4ff-0 iPGZti"
  data-testid="form"
  noValidate={true}
  onSubmit={[Function]}
>
  <div
    className="Form__FormTitle-sc-1vmu4ff-1 dNyNdB"
  >
    <h1
      className="Form__FormTitleText-sc-1vmu4ff-2 hJdVCJ"
    >
      Give Us Feedback
    </h1>
    <small
      className="Form__FormTitleTextSmall-sc-1vmu4ff-3 lajXBD"
    >
      Help us make our service better :)
    </small>
  </div>
  <div
    className="Input__InputWrapper-p4pzeo-0 iLsCTM"
  >
    <label
      className="Input__Label-p4pzeo-1 inQhSJ"
    >
      <span
        className="Input__Required-p4pzeo-5 lnVpvf"
        title="required"
      >
        *
      </span>
       
      What is your name ?
    </label>
    <input
      className="Input-p4pzeo-2 kEMRak"
      name="name"
      onChange={[Function]}
      placeholder="Name"
      value=""
    />
  </div>
  <div
    className="Input__InputWrapper-p4pzeo-0 iLsCTM"
  >
    <label
      className="Input__Label-p4pzeo-1 inQhSJ"
    >
      <span
        className="Input__Required-p4pzeo-5 lnVpvf"
        title="required"
      >
        *
      </span>
       
      What is your email ?
    </label>
    <input
      className="Input-p4pzeo-2 kEMRak"
      name="email"
      onChange={[Function]}
      placeholder="E-mail"
      value=""
    />
  </div>
  <div
    className="Rating__Container-sc-8fqffi-0 BzQdw"
  >
    <p
      className="Rating__Label-sc-8fqffi-1 iCfwlL"
    >
      <span
        className="Rating__Required-sc-8fqffi-7 ksrtbr"
        title="required"
      >
        *
      </span>
       
      Overall, how satisfiedy were you with our service ?
    </p>
    <div
      className="Rating__RatingContainer-sc-8fqffi-3 eMkkQo"
    >
      <div
        className="Rating__Star-sc-8fqffi-4 gIripz"
      >
        <input
          className="Rating__Radio-sc-8fqffi-5 cfQPPy"
          name="rating"
          onChange={[Function]}
          type="radio"
          value={1}
        />
        <svg
          className="Stars__Star-agauv2-0 htjMpb"
          selected={false}
          viewBox="0 0 36 34"
          xmlns="http://www.w3.org/2000/svg"
        >
          <path
            d="m23.363 8.584-7.378-1.127-3.307-7.044c-.247-.526-1.11-.526-1.357 0l-3.306 7.044-7.378 1.127c-.606.093-.848.83-.423 1.265l5.36 5.494-1.267 7.767c-.101.617.558 1.08 1.103.777l6.59-3.642 6.59 3.643c.54.3 1.205-.154 1.103-.777l-1.267-7.767 5.36-5.494c.425-.436.182-1.173-.423-1.266z"
            fill="currentColor"
          />
        </svg>
      </div>
      <div
        className="Rating__Star-sc-8fqffi-4 gIripz"
      >
        <input
          className="Rating__Radio-sc-8fqffi-5 cfQPPy"
          name="rating"
          onChange={[Function]}
          type="radio"
          value={2}
        />
        <svg
          className="Stars__Star-agauv2-0 htjMpb"
          selected={false}
          viewBox="0 0 36 34"
          xmlns="http://www.w3.org/2000/svg"
        >
          <path
            d="m23.363 8.584-7.378-1.127-3.307-7.044c-.247-.526-1.11-.526-1.357 0l-3.306 7.044-7.378 1.127c-.606.093-.848.83-.423 1.265l5.36 5.494-1.267 7.767c-.101.617.558 1.08 1.103.777l6.59-3.642 6.59 3.643c.54.3 1.205-.154 1.103-.777l-1.267-7.767 5.36-5.494c.425-.436.182-1.173-.423-1.266z"
            fill="currentColor"
          />
        </svg>
      </div>
      <div
        className="Rating__Star-sc-8fqffi-4 gIripz"
      >
        <input
          className="Rating__Radio-sc-8fqffi-5 cfQPPy"
          name="rating"
          onChange={[Function]}
          type="radio"
          value={3}
        />
        <svg
          className="Stars__Star-agauv2-0 htjMpb"
          selected={false}
          viewBox="0 0 36 34"
          xmlns="http://www.w3.org/2000/svg"
        >
          <path
            d="m23.363 8.584-7.378-1.127-3.307-7.044c-.247-.526-1.11-.526-1.357 0l-3.306 7.044-7.378 1.127c-.606.093-.848.83-.423 1.265l5.36 5.494-1.267 7.767c-.101.617.558 1.08 1.103.777l6.59-3.642 6.59 3.643c.54.3 1.205-.154 1.103-.777l-1.267-7.767 5.36-5.494c.425-.436.182-1.173-.423-1.266z"
            fill="currentColor"
          />
        </svg>
      </div>
      <div
        className="Rating__Star-sc-8fqffi-4 gIripz"
      >
        <input
          className="Rating__Radio-sc-8fqffi-5 cfQPPy"
          name="rating"
          onChange={[Function]}
          type="radio"
          value={4}
        />
        <svg
          className="Stars__Star-agauv2-0 htjMpb"
          selected={false}
          viewBox="0 0 36 34"
          xmlns="http://www.w3.org/2000/svg"
        >
          <path
            d="m23.363 8.584-7.378-1.127-3.307-7.044c-.247-.526-1.11-.526-1.357 0l-3.306 7.044-7.378 1.127c-.606.093-.848.83-.423 1.265l5.36 5.494-1.267 7.767c-.101.617.558 1.08 1.103.777l6.59-3.642 6.59 3.643c.54.3 1.205-.154 1.103-.777l-1.267-7.767 5.36-5.494c.425-.436.182-1.173-.423-1.266z"
            fill="currentColor"
          />
        </svg>
      </div>
      <div
        className="Rating__Star-sc-8fqffi-4 gIripz"
      >
        <input
          className="Rating__Radio-sc-8fqffi-5 cfQPPy"
          name="rating"
          onChange={[Function]}
          type="radio"
          value={5}
        />
        <svg
          className="Stars__Star-agauv2-0 htjMpb"
          selected={false}
          viewBox="0 0 36 34"
          xmlns="http://www.w3.org/2000/svg"
        >
          <path
            d="m23.363 8.584-7.378-1.127-3.307-7.044c-.247-.526-1.11-.526-1.357 0l-3.306 7.044-7.378 1.127c-.606.093-.848.83-.423 1.265l5.36 5.494-1.267 7.767c-.101.617.558 1.08 1.103.777l6.59-3.642 6.59 3.643c.54.3 1.205-.154 1.103-.777l-1.267-7.767 5.36-5.494c.425-.436.182-1.173-.423-1.266z"
            fill="currentColor"
          />
        </svg>
      </div>
    </div>
  </div>
  <div
    className="Input__InputWrapper-p4pzeo-0 iLsCTM"
  >
    <label
      className="Input__Label-p4pzeo-1 inQhSJ"
    >
      <span
        className="Input__Required-p4pzeo-5 lnVpvf"
        title="required"
      >
        *
      </span>
       
      Any Feedback ?
    </label>
    <textarea
      className="Input__TextArea-p4pzeo-3 jXbrWD"
      name="comment"
      onChange={[Function]}
      placeholder="Add your feedback"
      rows={3}
      value=""
    />
  </div>
  <button
    className="Form__Button-sc-1vmu4ff-4 cLmawq"
    data-testid="submit-form"
    type="submit"
  >
    Send My Feedback
  </button>
</form>
`;
