// Jest Snapshot v1, https://goo.gl/fbAQLP

exports[`Rating render correctly 1`] = `
<div
  className="Rating__Container-sc-8fqffi-0 BzQdw"
>
  <p
    className="Rating__Label-sc-8fqffi-1 iCfwlL"
  >
     
  </p>
  <div
    className="Rating__RatingContainer-sc-8fqffi-3 eMkkQo"
  >
    <div
      className="Rating__Star-sc-8fqffi-4 gIripz"
    >
      <input
        className="Rating__Radio-sc-8fqffi-5 cfQPPy"
        name="rating"
        type="radio"
        value={1}
      />
      <svg
        className="Stars__Star-agauv2-0 htjMpb"
        selected={false}
        viewBox="0 0 36 34"
        xmlns="http://www.w3.org/2000/svg"
      >
        <path
          d="m23.363 8.584-7.378-1.127-3.307-7.044c-.247-.526-1.11-.526-1.357 0l-3.306 7.044-7.378 1.127c-.606.093-.848.83-.423 1.265l5.36 5.494-1.267 7.767c-.101.617.558 1.08 1.103.777l6.59-3.642 6.59 3.643c.54.3 1.205-.154 1.103-.777l-1.267-7.767 5.36-5.494c.425-.436.182-1.173-.423-1.266z"
          fill="currentColor"
        />
      </svg>
    </div>
    <div
      className="Rating__Star-sc-8fqffi-4 gIripz"
    >
      <input
        className="Rating__Radio-sc-8fqffi-5 cfQPPy"
        name="rating"
        type="radio"
        value={2}
      />
      <svg
        className="Stars__Star-agauv2-0 htjMpb"
        selected={false}
        viewBox="0 0 36 34"
        xmlns="http://www.w3.org/2000/svg"
      >
        <path
          d="m23.363 8.584-7.378-1.127-3.307-7.044c-.247-.526-1.11-.526-1.357 0l-3.306 7.044-7.378 1.127c-.606.093-.848.83-.423 1.265l5.36 5.494-1.267 7.767c-.101.617.558 1.08 1.103.777l6.59-3.642 6.59 3.643c.54.3 1.205-.154 1.103-.777l-1.267-7.767 5.36-5.494c.425-.436.182-1.173-.423-1.266z"
          fill="currentColor"
        />
      </svg>
    </div>
    <div
      className="Rating__Star-sc-8fqffi-4 gIripz"
    >
      <input
        className="Rating__Radio-sc-8fqffi-5 cfQPPy"
        name="rating"
        type="radio"
        value={3}
      />
      <svg
        className="Stars__Star-agauv2-0 htjMpb"
        selected={false}
        viewBox="0 0 36 34"
        xmlns="http://www.w3.org/2000/svg"
      >
        <path
          d="m23.363 8.584-7.378-1.127-3.307-7.044c-.247-.526-1.11-.526-1.357 0l-3.306 7.044-7.378 1.127c-.606.093-.848.83-.423 1.265l5.36 5.494-1.267 7.767c-.101.617.558 1.08 1.103.777l6.59-3.642 6.59 3.643c.54.3 1.205-.154 1.103-.777l-1.267-7.767 5.36-5.494c.425-.436.182-1.173-.423-1.266z"
          fill="currentColor"
        />
      </svg>
    </div>
    <div
      className="Rating__Star-sc-8fqffi-4 gIripz"
    >
      <input
        className="Rating__Radio-sc-8fqffi-5 cfQPPy"
        name="rating"
        type="radio"
        value={4}
      />
      <svg
        className="Stars__Star-agauv2-0 htjMpb"
        selected={false}
        viewBox="0 0 36 34"
        xmlns="http://www.w3.org/2000/svg"
      >
        <path
          d="m23.363 8.584-7.378-1.127-3.307-7.044c-.247-.526-1.11-.526-1.357 0l-3.306 7.044-7.378 1.127c-.606.093-.848.83-.423 1.265l5.36 5.494-1.267 7.767c-.101.617.558 1.08 1.103.777l6.59-3.642 6.59 3.643c.54.3 1.205-.154 1.103-.777l-1.267-7.767 5.36-5.494c.425-.436.182-1.173-.423-1.266z"
          fill="currentColor"
        />
      </svg>
    </div>
    <div
      className="Rating__Star-sc-8fqffi-4 gIripz"
    >
      <input
        className="Rating__Radio-sc-8fqffi-5 cfQPPy"
        name="rating"
        type="radio"
        value={5}
      />
      <svg
        className="Stars__Star-agauv2-0 htjMpb"
        selected={false}
        viewBox="0 0 36 34"
        xmlns="http://www.w3.org/2000/svg"
      >
        <path
          d="m23.363 8.584-7.378-1.127-3.307-7.044c-.247-.526-1.11-.526-1.357 0l-3.306 7.044-7.378 1.127c-.606.093-.848.83-.423 1.265l5.36 5.494-1.267 7.767c-.101.617.558 1.08 1.103.777l6.59-3.642 6.59 3.643c.54.3 1.205-.154 1.103-.777l-1.267-7.767 5.36-5.494c.425-.436.182-1.173-.423-1.266z"
          fill="currentColor"
        />
      </svg>
    </div>
  </div>
</div>
`;
